Archive member included to satisfy reference by file (symbol)

d:/stm32cubeide_1.7.0/stm32cubeide/plugins/com.st.stm32cube.ide.mcu.externaltools.gnu-tools-for-stm32.9-2020-q2-update.win32_2.0.0.202105311346/tools/bin/../lib/gcc/arm-none-eabi/9.3.1/../../../../arm-none-eabi/lib/thumb/v7-m/nofp\libc_nano.a(lib_a-errno.o)
                              ./Core/Src/syscalls.o (__errno)
d:/stm32cubeide_1.7.0/stm32cubeide/plugins/com.st.stm32cube.ide.mcu.externaltools.gnu-tools-for-stm32.9-2020-q2-update.win32_2.0.0.202105311346/tools/bin/../lib/gcc/arm-none-eabi/9.3.1/../../../../arm-none-eabi/lib/thumb/v7-m/nofp\libc_nano.a(lib_a-exit.o)
                              d:/stm32cubeide_1.7.0/stm32cubeide/plugins/com.st.stm32cube.ide.mcu.externaltools.gnu-tools-for-stm32.9-2020-q2-update.win32_2.0.0.202105311346/tools/bin/../lib/gcc/arm-none-eabi/9.3.1/../../../../arm-none-eabi/lib/thumb/v7-m/nofp/crt0.o (exit)
d:/stm32cubeide_1.7.0/stm32cubeide/plugins/com.st.stm32cube.ide.mcu.externaltools.gnu-tools-for-stm32.9-2020-q2-update.win32_2.0.0.202105311346/tools/bin/../lib/gcc/arm-none-eabi/9.3.1/../../../../arm-none-eabi/lib/thumb/v7-m/nofp\libc_nano.a(lib_a-impure.o)
                              d:/stm32cubeide_1.7.0/stm32cubeide/plugins/com.st.stm32cube.ide.mcu.externaltools.gnu-tools-for-stm32.9-2020-q2-update.win32_2.0.0.202105311346/tools/bin/../lib/gcc/arm-none-eabi/9.3.1/../../../../arm-none-eabi/lib/thumb/v7-m/nofp\libc_nano.a(lib_a-exit.o) (_global_impure_ptr)
d:/stm32cubeide_1.7.0/stm32cubeide/plugins/com.st.stm32cube.ide.mcu.externaltools.gnu-tools-for-stm32.9-2020-q2-update.win32_2.0.0.202105311346/tools/bin/../lib/gcc/arm-none-eabi/9.3.1/../../../../arm-none-eabi/lib/thumb/v7-m/nofp\libc_nano.a(lib_a-init.o)
                              d:/stm32cubeide_1.7.0/stm32cubeide/plugins/com.st.stm32cube.ide.mcu.externaltools.gnu-tools-for-stm32.9-2020-q2-update.win32_2.0.0.202105311346/tools/bin/../lib/gcc/arm-none-eabi/9.3.1/../../../../arm-none-eabi/lib/thumb/v7-m/nofp/crt0.o (__libc_init_array)
d:/stm32cubeide_1.7.0/stm32cubeide/plugins/com.st.stm32cube.ide.mcu.externaltools.gnu-tools-for-stm32.9-2020-q2-update.win32_2.0.0.202105311346/tools/bin/../lib/gcc/arm-none-eabi/9.3.1/../../../../arm-none-eabi/lib/thumb/v7-m/nofp\libc_nano.a(lib_a-memset.o)
                              d:/stm32cubeide_1.7.0/stm32cubeide/plugins/com.st.stm32cube.ide.mcu.externaltools.gnu-tools-for-stm32.9-2020-q2-update.win32_2.0.0.202105311346/tools/bin/../lib/gcc/arm-none-eabi/9.3.1/../../../../arm-none-eabi/lib/thumb/v7-m/nofp/crt0.o (memset)

Allocating common symbols
Common symbol       size              file

number_state        0x4               ./Core/Src/global.o
uwTick              0x4               ./Drivers/STM32F1xx_HAL_Driver/Src/stm32f1xx_hal.o
pFlash              0x20              ./Drivers/STM32F1xx_HAL_Driver/Src/stm32f1xx_hal_flash.o
htim2               0x48              ./Core/Src/main.o
TIMER_CYCLE         0x4               ./Core/Src/software_timer.o

Discarded input sections

 .text          0x0000000000000000        0x0 d:/stm32cubeide_1.7.0/stm32cubeide/plugins/com.st.stm32cube.ide.mcu.externaltools.gnu-tools-for-stm32.9-2020-q2-update.win32_2.0.0.202105311346/tools/bin/../lib/gcc/arm-none-eabi/9.3.1/thumb/v7-m/nofp/crti.o
 .data          0x0000000000000000        0x0 d:/stm32cubeide_1.7.0/stm32cubeide/plugins/com.st.stm32cube.ide.mcu.externaltools.gnu-tools-for-stm32.9-2020-q2-update.win32_2.0.0.202105311346/tools/bin/../lib/gcc/arm-none-eabi/9.3.1/thumb/v7-m/nofp/crti.o
 .bss           0x0000000000000000        0x0 d:/stm32cubeide_1.7.0/stm32cubeide/plugins/com.st.stm32cube.ide.mcu.externaltools.gnu-tools-for-stm32.9-2020-q2-update.win32_2.0.0.202105311346/tools/bin/../lib/gcc/arm-none-eabi/9.3.1/thumb/v7-m/nofp/crti.o
 .data          0x0000000000000000        0x4 d:/stm32cubeide_1.7.0/stm32cubeide/plugins/com.st.stm32cube.ide.mcu.externaltools.gnu-tools-for-stm32.9-2020-q2-update.win32_2.0.0.202105311346/tools/bin/../lib/gcc/arm-none-eabi/9.3.1/thumb/v7-m/nofp/crtbegin.o
 .text          0x0000000000000000       0x7c d:/stm32cubeide_1.7.0/stm32cubeide/plugins/com.st.stm32cube.ide.mcu.externaltools.gnu-tools-for-stm32.9-2020-q2-update.win32_2.0.0.202105311346/tools/bin/../lib/gcc/arm-none-eabi/9.3.1/../../../../arm-none-eabi/lib/thumb/v7-m/nofp/crt0.o
 .data          0x0000000000000000        0x0 d:/stm32cubeide_1.7.0/stm32cubeide/plugins/com.st.stm32cube.ide.mcu.externaltools.gnu-tools-for-stm32.9-2020-q2-update.win32_2.0.0.202105311346/tools/bin/../lib/gcc/arm-none-eabi/9.3.1/../../../../arm-none-eabi/lib/thumb/v7-m/nofp/crt0.o
 .bss           0x0000000000000000        0x0 d:/stm32cubeide_1.7.0/stm32cubeide/plugins/com.st.stm32cube.ide.mcu.externaltools.gnu-tools-for-stm32.9-2020-q2-update.win32_2.0.0.202105311346/tools/bin/../lib/gcc/arm-none-eabi/9.3.1/../../../../arm-none-eabi/lib/thumb/v7-m/nofp/crt0.o
[...]
Memory Configuration

Name             Origin             Length             Attributes
RAM              0x0000000020000000 0x0000000000002800 xrw
FLASH            0x0000000008000000 0x0000000000008000 xr
*default*        0x0000000000000000 0xffffffffffffffff

Linker script and memory map

LOAD d:/stm32cubeide_1.7.0/stm32cubeide/plugins/com.st.stm32cube.ide.mcu.externaltools.gnu-tools-for-stm32.9-2020-q2-update.win32_2.0.0.202105311346/tools/bin/../lib/gcc/arm-none-eabi/9.3.1/thumb/v7-m/nofp/crti.o
LOAD d:/stm32cubeide_1.7.0/stm32cubeide/plugins/com.st.stm32cube.ide.mcu.externaltools.gnu-tools-for-stm32.9-2020-q2-update.win32_2.0.0.202105311346/tools/bin/../lib/gcc/arm-none-eabi/9.3.1/thumb/v7-m/nofp/crtbegin.o
LOAD d:/stm32cubeide_1.7.0/stm32cubeide/plugins/com.st.stm32cube.ide.mcu.externaltools.gnu-tools-for-stm32.9-2020-q2-update.win32_2.0.0.202105311346/tools/bin/../lib/gcc/arm-none-eabi/9.3.1/../../../../arm-none-eabi/lib/thumb/v7-m/nofp/crt0.o
LOAD ./Core/Src/button.o
LOAD ./Core/Src/fsm_automatic.o
LOAD ./Core/Src/fsm_manual.o
LOAD ./Core/Src/global.o
LOAD ./Core/Src/led_processing.o
LOAD ./Core/Src/main.o
LOAD ./Core/Src/software_timer.o
LOAD ./Core/Src/stm32f1xx_hal_msp.o
LOAD ./Core/Src/stm32f1xx_it.o
LOAD ./Core/Src/syscalls.o
LOAD ./Core/Src/sysmem.o
LOAD ./Core/Src/system_stm32f1xx.o
LOAD ./Core/Startup/startup_stm32f103c6ux.o
LOAD ./Drivers/STM32F1xx_HAL_Driver/Src/stm32f1xx_hal.o
LOAD ./Drivers/STM32F1xx_HAL_Driver/Src/stm32f1xx_hal_cortex.o
LOAD ./Drivers/STM32F1xx_HAL_Driver/Src/stm32f1xx_hal_dma.o
LOAD ./Drivers/STM32F1xx_HAL_Driver/Src/stm32f1xx_hal_exti.o
LOAD ./Drivers/STM32F1xx_HAL_Driver/Src/stm32f1xx_hal_flash.o
LOAD ./Drivers/STM32F1xx_HAL_Driver/Src/stm32f1xx_hal_flash_ex.o
LOAD ./Drivers/STM32F1xx_HAL_Driver/Src/stm32f1xx_hal_gpio.o
LOAD ./Drivers/STM32F1xx_HAL_Driver/Src/stm32f1xx_hal_gpio_ex.o
LOAD ./Drivers/STM32F1xx_HAL_Driver/Src/stm32f1xx_hal_pwr.o
LOAD ./Drivers/STM32F1xx_HAL_Driver/Src/stm32f1xx_hal_rcc.o
LOAD ./Drivers/STM32F1xx_HAL_Driver/Src/stm32f1xx_hal_rcc_ex.o
LOAD ./Drivers/STM32F1xx_HAL_Driver/Src/stm32f1xx_hal_tim.o
LOAD ./Drivers/STM32F1xx_HAL_Driver/Src/stm32f1xx_hal_tim_ex.o
START GROUP
LOAD d:/stm32cubeide_1.7.0/stm32cubeide/plugins/com.st.stm32cube.ide.mcu.externaltools.gnu-tools-for-stm32.9-2020-q2-update.win32_2.0.0.202105311346/tools/bin/../lib/gcc/arm-none-eabi/9.3.1/../../../../arm-none-eabi/lib/thumb/v7-m/nofp\libc_nano.a
LOAD d:/stm32cubeide_1.7.0/stm32cubeide/plugins/com.st.stm32cube.ide.mcu.externaltools.gnu-tools-for-stm32.9-2020-q2-update.win32_2.0.0.202105311346/tools/bin/../lib/gcc/arm-none-eabi/9.3.1/../../../../arm-none-eabi/lib/thumb/v7-m/nofp\libm.a
END GROUP
START GROUP
LOAD d:/stm32cubeide_1.7.0/stm32cubeide/plugins/com.st.stm32cube.ide.mcu.externaltools.gnu-tools-for-stm32.9-2020-q2-update.win32_2.0.0.202105311346/tools/bin/../lib/gcc/arm-none-eabi/9.3.1/thumb/v7-m/nofp\libgcc.a
LOAD d:/stm32cubeide_1.7.0/stm32cubeide/plugins/com.st.stm32cube.ide.mcu.externaltools.gnu-tools-for-stm32.9-2020-q2-update.win32_2.0.0.202105311346/tools/bin/../lib/gcc/arm-none-eabi/9.3.1/../../../../arm-none-eabi/lib/thumb/v7-m/nofp\libc_nano.a
END GROUP
START GROUP
LOAD d:/stm32cubeide_1.7.0/stm32cubeide/plugins/com.st.stm32cube.ide.mcu.externaltools.gnu-tools-for-stm32.9-2020-q2-update.win32_2.0.0.202105311346/tools/bin/../lib/gcc/arm-none-eabi/9.3.1/thumb/v7-m/nofp\libgcc.a
LOAD d:/stm32cubeide_1.7.0/stm32cubeide/plugins/com.st.stm32cube.ide.mcu.externaltools.gnu-tools-for-stm32.9-2020-q2-update.win32_2.0.0.202105311346/tools/bin/../lib/gcc/arm-none-eabi/9.3.1/../../../../arm-none-eabi/lib/thumb/v7-m/nofp\libc_nano.a
LOAD d:/stm32cubeide_1.7.0/stm32cubeide/plugins/com.st.stm32cube.ide.mcu.externaltools.gnu-tools-for-stm32.9-2020-q2-update.win32_2.0.0.202105311346/tools/bin/../lib/gcc/arm-none-eabi/9.3.1/../../../../arm-none-eabi/lib/thumb/v7-m/nofp\libnosys.a
END GROUP
START GROUP
LOAD d:/stm32cubeide_1.7.0/stm32cubeide/plugins/com.st.stm32cube.ide.mcu.externaltools.gnu-tools-for-stm32.9-2020-q2-update.win32_2.0.0.202105311346/tools/bin/../lib/gcc/arm-none-eabi/9.3.1/thumb/v7-m/nofp\libgcc.a
LOAD d:/stm32cubeide_1.7.0/stm32cubeide/plugins/com.st.stm32cube.ide.mcu.externaltools.gnu-tools-for-stm32.9-2020-q2-update.win32_2.0.0.202105311346/tools/bin/../lib/gcc/arm-none-eabi/9.3.1/../../../../arm-none-eabi/lib/thumb/v7-m/nofp\libc_nano.a
LOAD d:/stm32cubeide_1.7.0/stm32cubeide/plugins/com.st.stm32cube.ide.mcu.externaltools.gnu-tools-for-stm32.9-2020-q2-update.win32_2.0.0.202105311346/tools/bin/../lib/gcc/arm-none-eabi/9.3.1/../../../../arm-none-eabi/lib/thumb/v7-m/nofp\libnosys.a
END GROUP
LOAD d:/stm32cubeide_1.7.0/stm32cubeide/plugins/com.st.stm32cube.ide.mcu.externaltools.gnu-tools-for-stm32.9-2020-q2-update.win32_2.0.0.202105311346/tools/bin/../lib/gcc/arm-none-eabi/9.3.1/thumb/v7-m/nofp/crtend.o
LOAD d:/stm32cubeide_1.7.0/stm32cubeide/plugins/com.st.stm32cube.ide.mcu.externaltools.gnu-tools-for-stm32.9-2020-q2-update.win32_2.0.0.202105311346/tools/bin/../lib/gcc/arm-none-eabi/9.3.1/thumb/v7-m/nofp/crtn.o
                0x0000000020002800                _estack = (ORIGIN (RAM) + LENGTH (RAM))
                0x0000000000000200                _Min_Heap_Size = 0x200
                0x0000000000000400                _Min_Stack_Size = 0x400

.isr_vector     0x0000000008000000      0x10c
                0x0000000008000000                . = ALIGN (0x4)
 *(.isr_vector)
 .isr_vector    0x0000000008000000      0x10c ./Core/Startup/startup_stm32f103c6ux.o
                0x0000000008000000                g_pfnVectors
                0x000000000800010c                . = ALIGN (0x4)

.text           0x000000000800010c     0x2580
                0x000000000800010c                . = ALIGN (0x4)
 *(.text)
 .text          0x000000000800010c       0x40 d:/stm32cubeide_1.7.0/stm32cubeide/plugins/com.st.stm32cube.ide.mcu.externaltools.gnu-tools-for-stm32.9-2020-q2-update.win32_2.0.0.202105311346/tools/bin/../lib/gcc/arm-none-eabi/9.3.1/thumb/v7-m/nofp/crtbegin.o
 *(.text*)
 .text.singlePressProcess
                0x000000000800014c       0x2c ./Core/Src/button.o
                0x000000000800014c                singlePressProcess
 .text.longPressProcess
                0x0000000008000178       0x20 ./Core/Src/button.o
                0x0000000008000178                longPressProcess
 .text.isButtonPressed
                0x0000000008000198       0x34 ./Core/Src/button.o
                0x0000000008000198                isButtonPressed
 .text.isButtonLongPressed
                0x00000000080001cc       0x34 ./Core/Src/button.o
                0x00000000080001cc                isButtonLongPressed
 .text.getKeyInput
                0x0000000008000200      0x124 ./Core/Src/button.o
                0x0000000008000200                getKeyInput
 .text.fsm_simple_buttons_run
                0x0000000008000324      0x718 ./Core/Src/fsm_manual.o
                0x0000000008000324                fsm_simple_buttons_run
 .text.display7SEG
                0x0000000008000a3c       0xac ./Core/Src/led_processing.o
                0x0000000008000a3c                display7SEG
 .text.debugLED_blinky
                0x0000000008000ae8       0x28 ./Core/Src/led_processing.o
                0x0000000008000ae8                debugLED_blinky
 .text.main     0x0000000008000b10       0x3c ./Core/Src/main.o
                0x0000000008000b10                main
 .text.SystemClock_Config
                0x0000000008000b4c       0x76 ./Core/Src/main.o
                0x0000000008000b4c                SystemClock_Config
 *fill*         0x0000000008000bc2        0x2 
 .text.MX_TIM2_Init
                0x0000000008000bc4       0xd0 ./Core/Src/main.o
 .text.MX_GPIO_Init
                0x0000000008000c94       0xe0 ./Core/Src/main.o
 .text.HAL_TIM_PeriodElapsedCallback
                0x0000000008000d74       0x26 ./Core/Src/main.o
                0x0000000008000d74                HAL_TIM_PeriodElapsedCallback
 .text.Error_Handler
                0x0000000008000d9a        0xa ./Core/Src/main.o
                0x0000000008000d9a                Error_Handler
 .text.setTimer0
                0x0000000008000da4       0x34 ./Core/Src/software_timer.o
                0x0000000008000da4                setTimer0
 .text.setTimer1
                0x0000000008000dd8       0x34 ./Core/Src/software_timer.o
                0x0000000008000dd8                setTimer1
 .text.timerRun
                0x0000000008000e0c       0xac ./Core/Src/software_timer.o
                0x0000000008000e0c                timerRun
 .text.HAL_MspInit
                0x0000000008000eb8       0x64 ./Core/Src/stm32f1xx_hal_msp.o
                0x0000000008000eb8                HAL_MspInit
 .text.HAL_TIM_Base_MspInit
                0x0000000008000f1c       0x48 ./Core/Src/stm32f1xx_hal_msp.o
                0x0000000008000f1c                HAL_TIM_Base_MspInit
 .text.NMI_Handler
                0x0000000008000f64        0x6 ./Core/Src/stm32f1xx_it.o
                0x0000000008000f64                NMI_Handler
 .text.HardFault_Handler
                0x0000000008000f6a        0x6 ./Core/Src/stm32f1xx_it.o
                0x0000000008000f6a                HardFault_Handler
 .text.MemManage_Handler
                0x0000000008000f70        0x6 ./Core/Src/stm32f1xx_it.o
                0x0000000008000f70                MemManage_Handler
 .text.BusFault_Handler
                0x0000000008000f76        0x6 ./Core/Src/stm32f1xx_it.o
                0x0000000008000f76                BusFault_Handler
 .text.UsageFault_Handler
                0x0000000008000f7c        0x6 ./Core/Src/stm32f1xx_it.o
                0x0000000008000f7c                UsageFault_Handler
 .text.SVC_Handler
                0x0000000008000f82        0xc ./Core/Src/stm32f1xx_it.o
                0x0000000008000f82                SVC_Handler
 .text.DebugMon_Handler
                0x0000000008000f8e        0xc ./Core/Src/stm32f1xx_it.o
                0x0000000008000f8e                DebugMon_Handler
 .text.PendSV_Handler
                0x0000000008000f9a        0xc ./Core/Src/stm32f1xx_it.o
                0x0000000008000f9a                PendSV_Handler
 .text.SysTick_Handler
                0x0000000008000fa6        0xc ./Core/Src/stm32f1xx_it.o
                0x0000000008000fa6                SysTick_Handler
 *fill*         0x0000000008000fb2        0x2 
 .text.TIM2_IRQHandler
                0x0000000008000fb4       0x14 ./Core/Src/stm32f1xx_it.o
                0x0000000008000fb4                TIM2_IRQHandler
 .text.SystemInit
                0x0000000008000fc8        0xc ./Core/Src/system_stm32f1xx.o
                0x0000000008000fc8                SystemInit
 .text.Reset_Handler
                0x0000000008000fd4       0x48 ./Core/Startup/startup_stm32f103c6ux.o
                0x0000000008000fd4                Reset_Handler
 .text.Default_Handler
                0x000000000800101c        0x2 ./Core/Startup/startup_stm32f103c6ux.o
                0x000000000800101c                RTC_Alarm_IRQHandler
                0x000000000800101c                EXTI2_IRQHandler
                0x000000000800101c                TIM1_CC_IRQHandler
                0x000000000800101c                PVD_IRQHandler
                0x000000000800101c                EXTI3_IRQHandler
                0x000000000800101c                EXTI0_IRQHandler
                0x000000000800101c                ADC1_2_IRQHandler
                0x000000000800101c                SPI1_IRQHandler
                0x000000000800101c                TAMPER_IRQHandler
                0x000000000800101c                DMA1_Channel4_IRQHandler
                0x000000000800101c                RTC_IRQHandler
                0x000000000800101c                DMA1_Channel7_IRQHandler
                0x000000000800101c                CAN1_RX1_IRQHandler
                0x000000000800101c                I2C1_EV_IRQHandler
                0x000000000800101c                DMA1_Channel6_IRQHandler
                0x000000000800101c                TIM3_IRQHandler
                0x000000000800101c                RCC_IRQHandler
                0x000000000800101c                TIM1_TRG_COM_IRQHandler
                0x000000000800101c                DMA1_Channel1_IRQHandler
                0x000000000800101c                Default_Handler
                0x000000000800101c                EXTI15_10_IRQHandler
                0x000000000800101c                EXTI9_5_IRQHandler
                0x000000000800101c                DMA1_Channel5_IRQHandler
                0x000000000800101c                EXTI4_IRQHandler
                0x000000000800101c                USB_LP_CAN1_RX0_IRQHandler
                0x000000000800101c                USB_HP_CAN1_TX_IRQHandler
                0x000000000800101c                DMA1_Channel3_IRQHandler
                0x000000000800101c                TIM1_UP_IRQHandler
                0x000000000800101c                WWDG_IRQHandler
                0x000000000800101c                TIM1_BRK_IRQHandler
                0x000000000800101c                EXTI1_IRQHandler
                0x000000000800101c                USART2_IRQHandler
                0x000000000800101c                DMA1_Channel2_IRQHandler
                0x000000000800101c                CAN1_SCE_IRQHandler
                0x000000000800101c                FLASH_IRQHandler
                0x000000000800101c                USART1_IRQHandler
                0x000000000800101c                I2C1_ER_IRQHandler
                0x000000000800101c                USBWakeUp_IRQHandler
 *fill*         0x000000000800101e        0x2 
 .text.HAL_Init
                0x0000000008001020       0x2c ./Drivers/STM32F1xx_HAL_Driver/Src/stm32f1xx_hal.o
                0x0000000008001020                HAL_Init
 .text.HAL_InitTick
                0x000000000800104c       0x60 ./Drivers/STM32F1xx_HAL_Driver/Src/stm32f1xx_hal.o
                0x000000000800104c                HAL_InitTick
 .text.HAL_IncTick
                0x00000000080010ac       0x24 ./Drivers/STM32F1xx_HAL_Driver/Src/stm32f1xx_hal.o
                0x00000000080010ac                HAL_IncTick
 .text.HAL_GetTick
                0x00000000080010d0       0x14 ./Drivers/STM32F1xx_HAL_Driver/Src/stm32f1xx_hal.o
                0x00000000080010d0                HAL_GetTick
 .text.__NVIC_SetPriorityGrouping
                0x00000000080010e4       0x48 ./Drivers/STM32F1xx_HAL_Driver/Src/stm32f1xx_hal_cortex.o
 .text.__NVIC_GetPriorityGrouping
                0x000000000800112c       0x1c ./Drivers/STM32F1xx_HAL_Driver/Src/stm32f1xx_hal_cortex.o
 .text.__NVIC_EnableIRQ
                0x0000000008001148       0x38 ./Drivers/STM32F1xx_HAL_Driver/Src/stm32f1xx_hal_cortex.o
 .text.__NVIC_SetPriority
                0x0000000008001180       0x54 ./Drivers/STM32F1xx_HAL_Driver/Src/stm32f1xx_hal_cortex.o
 .text.NVIC_EncodePriority
                0x00000000080011d4       0x64 ./Drivers/STM32F1xx_HAL_Driver/Src/stm32f1xx_hal_cortex.o
 .text.SysTick_Config
                0x0000000008001238       0x44 ./Drivers/STM32F1xx_HAL_Driver/Src/stm32f1xx_hal_cortex.o
 .text.HAL_NVIC_SetPriorityGrouping
                0x000000000800127c       0x16 ./Drivers/STM32F1xx_HAL_Driver/Src/stm32f1xx_hal_cortex.o
                0x000000000800127c                HAL_NVIC_SetPriorityGrouping
 .text.HAL_NVIC_SetPriority
                0x0000000008001292       0x38 ./Drivers/STM32F1xx_HAL_Driver/Src/stm32f1xx_hal_cortex.o
                0x0000000008001292                HAL_NVIC_SetPriority
 .text.HAL_NVIC_EnableIRQ
                0x00000000080012ca       0x1c ./Drivers/STM32F1xx_HAL_Driver/Src/stm32f1xx_hal_cortex.o
                0x00000000080012ca                HAL_NVIC_EnableIRQ
 .text.HAL_SYSTICK_Config
                0x00000000080012e6       0x18 ./Drivers/STM32F1xx_HAL_Driver/Src/stm32f1xx_hal_cortex.o
                0x00000000080012e6                HAL_SYSTICK_Config
 *fill*         0x00000000080012fe        0x2 
 .text.HAL_GPIO_Init
                0x0000000008001300      0x2f4 ./Drivers/STM32F1xx_HAL_Driver/Src/stm32f1xx_hal_gpio.o
                0x0000000008001300                HAL_GPIO_Init
 .text.HAL_GPIO_ReadPin
                0x00000000080015f4       0x2e ./Drivers/STM32F1xx_HAL_Driver/Src/stm32f1xx_hal_gpio.o
                0x00000000080015f4                HAL_GPIO_ReadPin
 .text.HAL_GPIO_WritePin
                0x0000000008001622       0x30 ./Drivers/STM32F1xx_HAL_Driver/Src/stm32f1xx_hal_gpio.o
                0x0000000008001622                HAL_GPIO_WritePin
 .text.HAL_GPIO_TogglePin
                0x0000000008001652       0x32 ./Drivers/STM32F1xx_HAL_Driver/Src/stm32f1xx_hal_gpio.o
                0x0000000008001652                HAL_GPIO_TogglePin
 .text.HAL_RCC_OscConfig
                0x0000000008001684      0x500 ./Drivers/STM32F1xx_HAL_Driver/Src/stm32f1xx_hal_rcc.o
                0x0000000008001684                HAL_RCC_OscConfig
 .text.HAL_RCC_ClockConfig
                0x0000000008001b84      0x1d4 ./Drivers/STM32F1xx_HAL_Driver/Src/stm32f1xx_hal_rcc.o
                0x0000000008001b84                HAL_RCC_ClockConfig
 .text.HAL_RCC_GetSysClockFreq
                0x0000000008001d58       0xc0 ./Drivers/STM32F1xx_HAL_Driver/Src/stm32f1xx_hal_rcc.o
                0x0000000008001d58                HAL_RCC_GetSysClockFreq
 .text.RCC_Delay
                0x0000000008001e18       0x3c ./Drivers/STM32F1xx_HAL_Driver/Src/stm32f1xx_hal_rcc.o
 .text.HAL_TIM_Base_Init
                0x0000000008001e54       0x9e ./Drivers/STM32F1xx_HAL_Driver/Src/stm32f1xx_hal_tim.o
                0x0000000008001e54                HAL_TIM_Base_Init
 *fill*         0x0000000008001ef2        0x2 
 .text.HAL_TIM_Base_Start_IT
                0x0000000008001ef4       0x98 ./Drivers/STM32F1xx_HAL_Driver/Src/stm32f1xx_hal_tim.o
                0x0000000008001ef4                HAL_TIM_Base_Start_IT
 .text.HAL_TIM_IRQHandler
                0x0000000008001f8c      0x210 ./Drivers/STM32F1xx_HAL_Driver/Src/stm32f1xx_hal_tim.o
                0x0000000008001f8c                HAL_TIM_IRQHandler
 .text.HAL_TIM_ConfigClockSource
                0x000000000800219c      0x188 ./Drivers/STM32F1xx_HAL_Driver/Src/stm32f1xx_hal_tim.o
                0x000000000800219c                HAL_TIM_ConfigClockSource
 .text.HAL_TIM_OC_DelayElapsedCallback
                0x0000000008002324       0x12 ./Drivers/STM32F1xx_HAL_Driver/Src/stm32f1xx_hal_tim.o
                0x0000000008002324                HAL_TIM_OC_DelayElapsedCallback
 .text.HAL_TIM_IC_CaptureCallback
                0x0000000008002336       0x12 ./Drivers/STM32F1xx_HAL_Driver/Src/stm32f1xx_hal_tim.o
                0x0000000008002336                HAL_TIM_IC_CaptureCallback
 .text.HAL_TIM_PWM_PulseFinishedCallback
                0x0000000008002348       0x12 ./Drivers/STM32F1xx_HAL_Driver/Src/stm32f1xx_hal_tim.o
                0x0000000008002348                HAL_TIM_PWM_PulseFinishedCallback
 .text.HAL_TIM_TriggerCallback
                0x000000000800235a       0x12 ./Drivers/STM32F1xx_HAL_Driver/Src/stm32f1xx_hal_tim.o
                0x000000000800235a                HAL_TIM_TriggerCallback
 .text.TIM_Base_SetConfig
                0x000000000800236c       0xb0 ./Drivers/STM32F1xx_HAL_Driver/Src/stm32f1xx_hal_tim.o
                0x000000000800236c                TIM_Base_SetConfig
 .text.TIM_TI1_ConfigInputStage
                0x000000000800241c       0x5c ./Drivers/STM32F1xx_HAL_Driver/Src/stm32f1xx_hal_tim.o
 .text.TIM_TI2_ConfigInputStage
                0x0000000008002478       0x5e ./Drivers/STM32F1xx_HAL_Driver/Src/stm32f1xx_hal_tim.o
 .text.TIM_ITRx_SetConfig
                0x00000000080024d6       0x34 ./Drivers/STM32F1xx_HAL_Driver/Src/stm32f1xx_hal_tim.o
 .text.TIM_ETR_SetConfig
                0x000000000800250a       0x3e ./Drivers/STM32F1xx_HAL_Driver/Src/stm32f1xx_hal_tim.o
                0x000000000800250a                TIM_ETR_SetConfig
 .text.HAL_TIMEx_MasterConfigSynchronization
                0x0000000008002548       0xb0 ./Drivers/STM32F1xx_HAL_Driver/Src/stm32f1xx_hal_tim_ex.o
                0x0000000008002548                HAL_TIMEx_MasterConfigSynchronization
 .text.HAL_TIMEx_CommutCallback
                0x00000000080025f8       0x12 ./Drivers/STM32F1xx_HAL_Driver/Src/stm32f1xx_hal_tim_ex.o
                0x00000000080025f8                HAL_TIMEx_CommutCallback
 .text.HAL_TIMEx_BreakCallback
                0x000000000800260a       0x12 ./Drivers/STM32F1xx_HAL_Driver/Src/stm32f1xx_hal_tim_ex.o
                0x000000000800260a                HAL_TIMEx_BreakCallback
 .text.__libc_init_array
                0x000000000800261c       0x48 d:/stm32cubeide_1.7.0/stm32cubeide/plugins/com.st.stm32cube.ide.mcu.externaltools.gnu-tools-for-stm32.9-2020-q2-update.win32_2.0.0.202105311346/tools/bin/../lib/gcc/arm-none-eabi/9.3.1/../../../../arm-none-eabi/lib/thumb/v7-m/nofp\libc_nano.a(lib_a-init.o)
                0x000000000800261c                __libc_init_array
 .text.memset   0x0000000008002664       0x10 d:/stm32cubeide_1.7.0/stm32cubeide/plugins/com.st.stm32cube.ide.mcu.externaltools.gnu-tools-for-stm32.9-2020-q2-update.win32_2.0.0.202105311346/tools/bin/../lib/gcc/arm-none-eabi/9.3.1/../../../../arm-none-eabi/lib/thumb/v7-m/nofp\libc_nano.a(lib_a-memset.o)
                0x0000000008002664                memset
 *(.glue_7)
 .glue_7        0x0000000008002674        0x0 linker stubs
 *(.glue_7t)
 .glue_7t       0x0000000008002674        0x0 linker stubs
 *(.eh_frame)
 .eh_frame      0x0000000008002674        0x0 d:/stm32cubeide_1.7.0/stm32cubeide/plugins/com.st.stm32cube.ide.mcu.externaltools.gnu-tools-for-stm32.9-2020-q2-update.win32_2.0.0.202105311346/tools/bin/../lib/gcc/arm-none-eabi/9.3.1/thumb/v7-m/nofp/crtbegin.o
 *(.init)
 .init          0x0000000008002674        0x4 d:/stm32cubeide_1.7.0/stm32cubeide/plugins/com.st.stm32cube.ide.mcu.externaltools.gnu-tools-for-stm32.9-2020-q2-update.win32_2.0.0.202105311346/tools/bin/../lib/gcc/arm-none-eabi/9.3.1/thumb/v7-m/nofp/crti.o
                0x0000000008002674                _init
 .init          0x0000000008002678        0x8 d:/stm32cubeide_1.7.0/stm32cubeide/plugins/com.st.stm32cube.ide.mcu.externaltools.gnu-tools-for-stm32.9-2020-q2-update.win32_2.0.0.202105311346/tools/bin/../lib/gcc/arm-none-eabi/9.3.1/thumb/v7-m/nofp/crtn.o
 *(.fini)
 .fini          0x0000000008002680        0x4 d:/stm32cubeide_1.7.0/stm32cubeide/plugins/com.st.stm32cube.ide.mcu.externaltools.gnu-tools-for-stm32.9-2020-q2-update.win32_2.0.0.202105311346/tools/bin/../lib/gcc/arm-none-eabi/9.3.1/thumb/v7-m/nofp/crti.o
                0x0000000008002680                _fini
 .fini          0x0000000008002684        0x8 d:/stm32cubeide_1.7.0/stm32cubeide/plugins/com.st.stm32cube.ide.mcu.externaltools.gnu-tools-for-stm32.9-2020-q2-update.win32_2.0.0.202105311346/tools/bin/../lib/gcc/arm-none-eabi/9.3.1/thumb/v7-m/nofp/crtn.o
                0x000000000800268c                . = ALIGN (0x4)
                0x000000000800268c                _etext = .

.vfp11_veneer   0x000000000800268c        0x0
 .vfp11_veneer  0x000000000800268c        0x0 linker stubs

.v4_bx          0x000000000800268c        0x0
 .v4_bx         0x000000000800268c        0x0 linker stubs

.iplt           0x000000000800268c        0x0
 .iplt          0x000000000800268c        0x0 d:/stm32cubeide_1.7.0/stm32cubeide/plugins/com.st.stm32cube.ide.mcu.externaltools.gnu-tools-for-stm32.9-2020-q2-update.win32_2.0.0.202105311346/tools/bin/../lib/gcc/arm-none-eabi/9.3.1/thumb/v7-m/nofp/crtbegin.o

.rodata         0x000000000800268c       0x20
                0x000000000800268c                . = ALIGN (0x4)
 *(.rodata)
 .rodata        0x000000000800268c       0x10 ./Drivers/STM32F1xx_HAL_Driver/Src/stm32f1xx_hal_rcc.o
 *(.rodata*)
 .rodata.AHBPrescTable
                0x000000000800269c       0x10 ./Core/Src/system_stm32f1xx.o
                0x000000000800269c                AHBPrescTable
                0x00000000080026ac                . = ALIGN (0x4)

.rel.dyn        0x00000000080026ac        0x0
 .rel.iplt      0x00000000080026ac        0x0 d:/stm32cubeide_1.7.0/stm32cubeide/plugins/com.st.stm32cube.ide.mcu.externaltools.gnu-tools-for-stm32.9-2020-q2-update.win32_2.0.0.202105311346/tools/bin/../lib/gcc/arm-none-eabi/9.3.1/thumb/v7-m/nofp/crtbegin.o

.ARM.extab      0x00000000080026ac        0x0
                0x00000000080026ac                . = ALIGN (0x4)
 *(.ARM.extab* .gnu.linkonce.armextab.*)
                0x00000000080026ac                . = ALIGN (0x4)

.ARM            0x00000000080026ac        0x0
                0x00000000080026ac                . = ALIGN (0x4)
                0x00000000080026ac                __exidx_start = .
 *(.ARM.exidx*)
                0x00000000080026ac                __exidx_end = .
                0x00000000080026ac                . = ALIGN (0x4)

.preinit_array  0x00000000080026ac        0x0
                0x00000000080026ac                . = ALIGN (0x4)
                0x00000000080026ac                PROVIDE (__preinit_array_start = .)
 *(.preinit_array*)
                0x00000000080026ac                PROVIDE (__preinit_array_end = .)
                0x00000000080026ac                . = ALIGN (0x4)

.init_array     0x00000000080026ac        0x4
                0x00000000080026ac                . = ALIGN (0x4)
                0x00000000080026ac                PROVIDE (__init_array_start = .)
 *(SORT_BY_NAME(.init_array.*))
 *(.init_array*)
 .init_array    0x00000000080026ac        0x4 d:/stm32cubeide_1.7.0/stm32cubeide/plugins/com.st.stm32cube.ide.mcu.externaltools.gnu-tools-for-stm32.9-2020-q2-update.win32_2.0.0.202105311346/tools/bin/../lib/gcc/arm-none-eabi/9.3.1/thumb/v7-m/nofp/crtbegin.o
                0x00000000080026b0                PROVIDE (__init_array_end = .)
                0x00000000080026b0                . = ALIGN (0x4)

.fini_array     0x00000000080026b0        0x4
                0x00000000080026b0                . = ALIGN (0x4)
                [!provide]                        PROVIDE (__fini_array_start = .)
 *(SORT_BY_NAME(.fini_array.*))
 *(.fini_array*)
 .fini_array    0x00000000080026b0        0x4 d:/stm32cubeide_1.7.0/stm32cubeide/plugins/com.st.stm32cube.ide.mcu.externaltools.gnu-tools-for-stm32.9-2020-q2-update.win32_2.0.0.202105311346/tools/bin/../lib/gcc/arm-none-eabi/9.3.1/thumb/v7-m/nofp/crtbegin.o
                [!provide]                        PROVIDE (__fini_array_end = .)
                0x00000000080026b4                . = ALIGN (0x4)
                0x00000000080026b4                _sidata = LOADADDR (.data)

.data           0x0000000020000000       0x5c load address 0x00000000080026b4
                0x0000000020000000                . = ALIGN (0x4)
                0x0000000020000000                _sdata = .
 *(.data)
 *(.data*)
 .data.button_list
                0x0000000020000000        0x6 ./Core/Src/button.o
                0x0000000020000000                button_list
 *fill*         0x0000000020000006        0x2 
 .data.KeyReg0  0x0000000020000008        0xc ./Core/Src/button.o
                0x0000000020000008                KeyReg0
 .data.KeyReg1  0x0000000020000014        0xc ./Core/Src/button.o
                0x0000000020000014                KeyReg1
 .data.KeyReg2  0x0000000020000020        0xc ./Core/Src/button.o
                0x0000000020000020                KeyReg2
 .data.KeyReg3  0x000000002000002c        0xc ./Core/Src/button.o
                0x000000002000002c                KeyReg3
 .data.TimeOutForKeyPress
                0x0000000020000038        0xc ./Core/Src/button.o
                0x0000000020000038                TimeOutForKeyPress
 .data.SegmentNumber
                0x0000000020000044        0xa ./Core/Src/led_processing.o
                0x0000000020000044                SegmentNumber
 *fill*         0x000000002000004e        0x2 
 .data.SystemCoreClock
                0x0000000020000050        0x4 ./Core/Src/system_stm32f1xx.o
                0x0000000020000050                SystemCoreClock
 .data.uwTickPrio
                0x0000000020000054        0x4 ./Drivers/STM32F1xx_HAL_Driver/Src/stm32f1xx_hal.o
                0x0000000020000054                uwTickPrio
 .data.uwTickFreq
                0x0000000020000058        0x1 ./Drivers/STM32F1xx_HAL_Driver/Src/stm32f1xx_hal.o
                0x0000000020000058                uwTickFreq
 *(.RamFunc)
 *(.RamFunc*)
                0x000000002000005c                . = ALIGN (0x4)
 *fill*         0x0000000020000059        0x3 
                0x000000002000005c                _edata = .

.igot.plt       0x000000002000005c        0x0 load address 0x0000000008002710
 .igot.plt      0x000000002000005c        0x0 d:/stm32cubeide_1.7.0/stm32cubeide/plugins/com.st.stm32cube.ide.mcu.externaltools.gnu-tools-for-stm32.9-2020-q2-update.win32_2.0.0.202105311346/tools/bin/../lib/gcc/arm-none-eabi/9.3.1/thumb/v7-m/nofp/crtbegin.o
                0x000000002000005c                . = ALIGN (0x4)

.bss            0x000000002000005c       0xa8 load address 0x0000000008002710
                0x000000002000005c                _sbss = .
                0x000000002000005c                __bss_start__ = _sbss
 *(.bss)
 .bss           0x000000002000005c       0x1c d:/stm32cubeide_1.7.0/stm32cubeide/plugins/com.st.stm32cube.ide.mcu.externaltools.gnu-tools-for-stm32.9-2020-q2-update.win32_2.0.0.202105311346/tools/bin/../lib/gcc/arm-none-eabi/9.3.1/thumb/v7-m/nofp/crtbegin.o
 *(.bss*)
 .bss.button_flag
                0x0000000020000078        0xc ./Core/Src/button.o
                0x0000000020000078                button_flag
 .bss.button_flagLongPress
                0x0000000020000084        0xc ./Core/Src/button.o
                0x0000000020000084                button_flagLongPress
 .bss.timer0_counter
                0x0000000020000090        0x4 ./Core/Src/software_timer.o
                0x0000000020000090                timer0_counter
 .bss.timer0_flag
                0x0000000020000094        0x4 ./Core/Src/software_timer.o
                0x0000000020000094                timer0_flag
 .bss.timer1_counter
                0x0000000020000098        0x4 ./Core/Src/software_timer.o
                0x0000000020000098                timer1_counter
 .bss.timer1_flag
                0x000000002000009c        0x4 ./Core/Src/software_timer.o
                0x000000002000009c                timer1_flag
 .bss.timer2_counter
                0x00000000200000a0        0x4 ./Core/Src/software_timer.o
                0x00000000200000a0                timer2_counter
 .bss.timer2_flag
                0x00000000200000a4        0x4 ./Core/Src/software_timer.o
                0x00000000200000a4                timer2_flag
 .bss.timer3_counter
                0x00000000200000a8        0x4 ./Core/Src/software_timer.o
                0x00000000200000a8                timer3_counter
 .bss.timer3_flag
                0x00000000200000ac        0x4 ./Core/Src/software_timer.o
                0x00000000200000ac                timer3_flag
 *(COMMON)
 COMMON         0x00000000200000b0        0x4 ./Core/Src/global.o
                0x00000000200000b0                number_state
 COMMON         0x00000000200000b4       0x48 ./Core/Src/main.o
                0x00000000200000b4                htim2
 COMMON         0x00000000200000fc        0x4 ./Core/Src/software_timer.o
                0x00000000200000fc                TIMER_CYCLE
 COMMON         0x0000000020000100        0x4 ./Drivers/STM32F1xx_HAL_Driver/Src/stm32f1xx_hal.o
                0x0000000020000100                uwTick
                0x0000000020000104                . = ALIGN (0x4)
                0x0000000020000104                _ebss = .
                0x0000000020000104                __bss_end__ = _ebss

._user_heap_stack
                0x0000000020000104      0x604 load address 0x0000000008002710
                0x0000000020000108                . = ALIGN (0x8)
 *fill*         0x0000000020000104        0x4 
                [!provide]                        PROVIDE (end = .)
                0x0000000020000108                PROVIDE (_end = .)
                0x0000000020000308                . = (. + _Min_Heap_Size)
 *fill*         0x0000000020000108      0x200 
                0x0000000020000708                . = (. + _Min_Stack_Size)
 *fill*         0x0000000020000308      0x400 
                0x0000000020000708                . = ALIGN (0x8)

/DISCARD/
 libc.a(*)
 libm.a(*)
 libgcc.a(*)

.ARM.attributes
                0x0000000000000000       0x29
 *(.ARM.attributes)
 .ARM.attributes
                0x0000000000000000       0x1d d:/stm32cubeide_1.7.0/stm32cubeide/plugins/com.st.stm32cube.ide.mcu.externaltools.gnu-tools-for-stm32.9-2020-q2-update.win32_2.0.0.202105311346/tools/bin/../lib/gcc/arm-none-eabi/9.3.1/thumb/v7-m/nofp/crti.o
 .ARM.attributes
                0x000000000000001d       0x2d d:/stm32cubeide_1.7.0/stm32cubeide/plugins/com.st.stm32cube.ide.mcu.externaltools.gnu-tools-for-stm32.9-2020-q2-update.win32_2.0.0.202105311346/tools/bin/../lib/gcc/arm-none-eabi/9.3.1/thumb/v7-m/nofp/crtbegin.o
 .ARM.attributes
                0x000000000000004a       0x2d ./Core/Src/button.o
 .ARM.attributes
                0x0000000000000077       0x2d ./Core/Src/fsm_manual.o
 .ARM.attributes
                0x00000000000000a4       0x33 ./Core/Src/global.o
 .ARM.attributes
                0x00000000000000d7       0x2d ./Core/Src/led_processing.o
 .ARM.attributes
                0x0000000000000104       0x2d ./Core/Src/main.o
 .ARM.attributes
                0x0000000000000131       0x2d ./Core/Src/software_timer.o
 .ARM.attributes
                0x000000000000015e       0x2d ./Core/Src/stm32f1xx_hal_msp.o
 .ARM.attributes
                0x000000000000018b       0x2d ./Core/Src/stm32f1xx_it.o
 .ARM.attributes
                0x00000000000001b8       0x2d ./Core/Src/system_stm32f1xx.o
 .ARM.attributes
                0x00000000000001e5       0x21 ./Core/Startup/startup_stm32f103c6ux.o
 .ARM.attributes
                0x0000000000000206       0x2d ./Drivers/STM32F1xx_HAL_Driver/Src/stm32f1xx_hal.o
 .ARM.attributes
                0x0000000000000233       0x2d ./Drivers/STM32F1xx_HAL_Driver/Src/stm32f1xx_hal_cortex.o
 .ARM.attributes
                0x0000000000000260       0x2d ./Drivers/STM32F1xx_HAL_Driver/Src/stm32f1xx_hal_gpio.o
 .ARM.attributes
                0x000000000000028d       0x2d ./Drivers/STM32F1xx_HAL_Driver/Src/stm32f1xx_hal_rcc.o
 .ARM.attributes
                0x00000000000002ba       0x2d ./Drivers/STM32F1xx_HAL_Driver/Src/stm32f1xx_hal_tim.o
 .ARM.attributes
                0x00000000000002e7       0x2d ./Drivers/STM32F1xx_HAL_Driver/Src/stm32f1xx_hal_tim_ex.o
 .ARM.attributes
                0x0000000000000314       0x2d d:/stm32cubeide_1.7.0/stm32cubeide/plugins/com.st.stm32cube.ide.mcu.externaltools.gnu-tools-for-stm32.9-2020-q2-update.win32_2.0.0.202105311346/tools/bin/../lib/gcc/arm-none-eabi/9.3.1/../../../../arm-none-eabi/lib/thumb/v7-m/nofp\libc_nano.a(lib_a-init.o)
 .ARM.attributes
                0x0000000000000341       0x2d d:/stm32cubeide_1.7.0/stm32cubeide/plugins/com.st.stm32cube.ide.mcu.externaltools.gnu-tools-for-stm32.9-2020-q2-update.win32_2.0.0.202105311346/tools/bin/../lib/gcc/arm-none-eabi/9.3.1/../../../../arm-none-eabi/lib/thumb/v7-m/nofp\libc_nano.a(lib_a-memset.o)
 .ARM.attributes
                0x000000000000036e       0x1d d:/stm32cubeide_1.7.0/stm32cubeide/plugins/com.st.stm32cube.ide.mcu.externaltools.gnu-tools-for-stm32.9-2020-q2-update.win32_2.0.0.202105311346/tools/bin/../lib/gcc/arm-none-eabi/9.3.1/thumb/v7-m/nofp/crtn.o
OUTPUT(STM_Midterm.elf elf32-littlearm)
LOAD linker stubs
LOAD d:/stm32cubeide_1.7.0/stm32cubeide/plugins/com.st.stm32cube.ide.mcu.externaltools.gnu-tools-for-stm32.9-2020-q2-update.win32_2.0.0.202105311346/tools/bin/../lib/gcc/arm-none-eabi/9.3.1/../../../../arm-none-eabi/lib/thumb/v7-m/nofp\libc.a
LOAD d:/stm32cubeide_1.7.0/stm32cubeide/plugins/com.st.stm32cube.ide.mcu.externaltools.gnu-tools-for-stm32.9-2020-q2-update.win32_2.0.0.202105311346/tools/bin/../lib/gcc/arm-none-eabi/9.3.1/../../../../arm-none-eabi/lib/thumb/v7-m/nofp\libm.a
LOAD d:/stm32cubeide_1.7.0/stm32cubeide/plugins/com.st.stm32cube.ide.mcu.externaltools.gnu-tools-for-stm32.9-2020-q2-update.win32_2.0.0.202105311346/tools/bin/../lib/gcc/arm-none-eabi/9.3.1/thumb/v7-m/nofp\libgcc.a

.debug_info     0x0000000000000000     0x90cb
 .debug_info    0x0000000000000000      0x3a9 ./Core/Src/button.o
 .debug_info    0x00000000000003a9      0x247 ./Core/Src/fsm_manual.o
 .debug_info    0x00000000000005f0      0x219 ./Core/Src/global.o
 .debug_info    0x0000000000000809      0x2c7 ./Core/Src/led_processing.o
 .debug_info    0x0000000000000ad0      0xc47 ./Core/Src/main.o
 .debug_info    0x0000000000001717      0x369 ./Core/Src/software_timer.o
 .debug_info    0x0000000000001a80      0xa04 ./Core/Src/stm32f1xx_hal_msp.o
 .debug_info    0x0000000000002484      0x7b4 ./Core/Src/stm32f1xx_it.o
 .debug_info    0x0000000000002c38      0x2be ./Core/Src/system_stm32f1xx.o
 .debug_info    0x0000000000002ef6       0x22 ./Core/Startup/startup_stm32f103c6ux.o
 .debug_info    0x0000000000002f18      0x74c ./Drivers/STM32F1xx_HAL_Driver/Src/stm32f1xx_hal.o
 .debug_info    0x0000000000003664      0xbbe ./Drivers/STM32F1xx_HAL_Driver/Src/stm32f1xx_hal_cortex.o
 .debug_info    0x0000000000004222      0x701 ./Drivers/STM32F1xx_HAL_Driver/Src/stm32f1xx_hal_gpio.o
 .debug_info    0x0000000000004923      0x88e ./Drivers/STM32F1xx_HAL_Driver/Src/stm32f1xx_hal_rcc.o
 .debug_info    0x00000000000051b1     0x2a45 ./Drivers/STM32F1xx_HAL_Driver/Src/stm32f1xx_hal_tim.o
 .debug_info    0x0000000000007bf6     0x14d5 ./Drivers/STM32F1xx_HAL_Driver/Src/stm32f1xx_hal_tim_ex.o

.debug_abbrev   0x0000000000000000     0x1ad3
 .debug_abbrev  0x0000000000000000      0x19b ./Core/Src/button.o
 .debug_abbrev  0x000000000000019b       0xdc ./Core/Src/fsm_manual.o
 .debug_abbrev  0x0000000000000277       0xbc ./Core/Src/global.o
 .debug_abbrev  0x0000000000000333      0x147 ./Core/Src/led_processing.o
 .debug_abbrev  0x000000000000047a      0x25b ./Core/Src/main.o
 .debug_abbrev  0x00000000000006d5      0x152 ./Core/Src/software_timer.o
 .debug_abbrev  0x0000000000000827      0x1b7 ./Core/Src/stm32f1xx_hal_msp.o
 .debug_abbrev  0x00000000000009de      0x176 ./Core/Src/stm32f1xx_it.o
 .debug_abbrev  0x0000000000000b54      0x14e ./Core/Src/system_stm32f1xx.o
 .debug_abbrev  0x0000000000000ca2       0x12 ./Core/Startup/startup_stm32f103c6ux.o
 .debug_abbrev  0x0000000000000cb4      0x1ed ./Drivers/STM32F1xx_HAL_Driver/Src/stm32f1xx_hal.o
 .debug_abbrev  0x0000000000000ea1      0x313 ./Drivers/STM32F1xx_HAL_Driver/Src/stm32f1xx_hal_cortex.o
 .debug_abbrev  0x00000000000011b4      0x1e8 ./Drivers/STM32F1xx_HAL_Driver/Src/stm32f1xx_hal_gpio.o
 .debug_abbrev  0x000000000000139c      0x273 ./Drivers/STM32F1xx_HAL_Driver/Src/stm32f1xx_hal_rcc.o
 .debug_abbrev  0x000000000000160f      0x25e ./Drivers/STM32F1xx_HAL_Driver/Src/stm32f1xx_hal_tim.o
 .debug_abbrev  0x000000000000186d      0x266 ./Drivers/STM32F1xx_HAL_Driver/Src/stm32f1xx_hal_tim_ex.o

.debug_aranges  0x0000000000000000      0xa18
 .debug_aranges
                0x0000000000000000       0x40 ./Core/Src/button.o
 .debug_aranges
                0x0000000000000040       0x20 ./Core/Src/fsm_manual.o
 .debug_aranges
                0x0000000000000060       0x18 ./Core/Src/global.o
 .debug_aranges
                0x0000000000000078       0x28 ./Core/Src/led_processing.o
 .debug_aranges
                0x00000000000000a0       0x48 ./Core/Src/main.o
 .debug_aranges
                0x00000000000000e8       0x48 ./Core/Src/software_timer.o
 .debug_aranges
                0x0000000000000130       0x30 ./Core/Src/stm32f1xx_hal_msp.o
 .debug_aranges
                0x0000000000000160       0x68 ./Core/Src/stm32f1xx_it.o
 .debug_aranges
                0x00000000000001c8       0x28 ./Core/Src/system_stm32f1xx.o
 .debug_aranges
                0x00000000000001f0       0x28 ./Core/Startup/startup_stm32f103c6ux.o
 .debug_aranges
                0x0000000000000218       0xe0 ./Drivers/STM32F1xx_HAL_Driver/Src/stm32f1xx_hal.o
 .debug_aranges
                0x00000000000002f8      0x100 ./Drivers/STM32F1xx_HAL_Driver/Src/stm32f1xx_hal_cortex.o
 .debug_aranges
                0x00000000000003f8       0x58 ./Drivers/STM32F1xx_HAL_Driver/Src/stm32f1xx_hal_gpio.o
 .debug_aranges
                0x0000000000000450       0x90 ./Drivers/STM32F1xx_HAL_Driver/Src/stm32f1xx_hal_rcc.o
 .debug_aranges
                0x00000000000004e0      0x3d0 ./Drivers/STM32F1xx_HAL_Driver/Src/stm32f1xx_hal_tim.o
 .debug_aranges
                0x00000000000008b0      0x168 ./Drivers/STM32F1xx_HAL_Driver/Src/stm32f1xx_hal_tim_ex.o

.debug_ranges   0x0000000000000000      0x918
 .debug_ranges  0x0000000000000000       0x30 ./Core/Src/button.o
 .debug_ranges  0x0000000000000030       0x10 ./Core/Src/fsm_manual.o
 .debug_ranges  0x0000000000000040       0x18 ./Core/Src/led_processing.o
 .debug_ranges  0x0000000000000058       0x38 ./Core/Src/main.o
 .debug_ranges  0x0000000000000090       0x38 ./Core/Src/software_timer.o
 .debug_ranges  0x00000000000000c8       0x20 ./Core/Src/stm32f1xx_hal_msp.o
 .debug_ranges  0x00000000000000e8       0x58 ./Core/Src/stm32f1xx_it.o
 .debug_ranges  0x0000000000000140       0x18 ./Core/Src/system_stm32f1xx.o
 .debug_ranges  0x0000000000000158       0x20 ./Core/Startup/startup_stm32f103c6ux.o
 .debug_ranges  0x0000000000000178       0xd0 ./Drivers/STM32F1xx_HAL_Driver/Src/stm32f1xx_hal.o
 .debug_ranges  0x0000000000000248       0xf0 ./Drivers/STM32F1xx_HAL_Driver/Src/stm32f1xx_hal_cortex.o
 .debug_ranges  0x0000000000000338       0x48 ./Drivers/STM32F1xx_HAL_Driver/Src/stm32f1xx_hal_gpio.o
 .debug_ranges  0x0000000000000380       0x80 ./Drivers/STM32F1xx_HAL_Driver/Src/stm32f1xx_hal_rcc.o
 .debug_ranges  0x0000000000000400      0x3c0 ./Drivers/STM32F1xx_HAL_Driver/Src/stm32f1xx_hal_tim.o
 .debug_ranges  0x00000000000007c0      0x158 ./Drivers/STM32F1xx_HAL_Driver/Src/stm32f1xx_hal_tim_ex.o

.debug_macro    0x0000000000000000    0x16ba2
 .debug_macro   0x0000000000000000      0x1b6 ./Core/Src/button.o
 .debug_macro   0x00000000000001b6      0xa9c ./Core/Src/button.o
 .debug_macro   0x0000000000000c52      0x215 ./Core/Src/button.o
 .debug_macro   0x0000000000000e67       0x2e ./Core/Src/button.o
 .debug_macro   0x0000000000000e95       0x22 ./Core/Src/button.o
 .debug_macro   0x0000000000000eb7       0x22 ./Core/Src/button.o
 .debug_macro   0x0000000000000ed9       0x8e ./Core/Src/button.o
 .debug_macro   0x0000000000000f67       0x51 ./Core/Src/button.o
 .debug_macro   0x0000000000000fb8      0x103 ./Core/Src/button.o
 .debug_macro   0x00000000000010bb       0x6a ./Core/Src/button.o
 .debug_macro   0x0000000000001125      0x1df ./Core/Src/button.o
 .debug_macro   0x0000000000001304       0x1c ./Core/Src/button.o
 .debug_macro   0x0000000000001320       0x22 ./Core/Src/button.o
 .debug_macro   0x0000000000001342       0xc3 ./Core/Src/button.o
 .debug_macro   0x0000000000001405      0xd23 ./Core/Src/button.o
 .debug_macro   0x0000000000002128     0xde75 ./Core/Src/button.o
 .debug_macro   0x000000000000ff9d       0x6d ./Core/Src/button.o
 .debug_macro   0x000000000001000a     0x3468 ./Core/Src/button.o
 .debug_macro   0x0000000000013472      0x174 ./Core/Src/button.o
 .debug_macro   0x00000000000135e6       0x5c ./Core/Src/button.o
 .debug_macro   0x0000000000013642      0x5be ./Core/Src/button.o
 .debug_macro   0x0000000000013c00      0x1b7 ./Core/Src/button.o
 .debug_macro   0x0000000000013db7      0x1cb ./Core/Src/button.o
 .debug_macro   0x0000000000013f82      0x114 ./Core/Src/button.o
 .debug_macro   0x0000000000014096      0x1b2 ./Core/Src/button.o
 .debug_macro   0x0000000000014248       0x27 ./Core/Src/button.o
 .debug_macro   0x000000000001426f      0x12f ./Core/Src/button.o
 .debug_macro   0x000000000001439e      0x1bc ./Core/Src/button.o
 .debug_macro   0x000000000001455a       0x34 ./Core/Src/button.o
 .debug_macro   0x000000000001458e       0x3c ./Core/Src/button.o
 .debug_macro   0x00000000000145ca       0x57 ./Core/Src/button.o
 .debug_macro   0x0000000000014621       0x88 ./Core/Src/button.o
 .debug_macro   0x00000000000146a9      0x183 ./Core/Src/button.o
 .debug_macro   0x000000000001482c      0x141 ./Core/Src/button.o
 .debug_macro   0x000000000001496d      0x8d1 ./Core/Src/button.o
 .debug_macro   0x000000000001523e       0x69 ./Core/Src/button.o
 .debug_macro   0x00000000000152a7       0x88 ./Core/Src/button.o
 .debug_macro   0x000000000001532f       0x28 ./Core/Src/button.o
 .debug_macro   0x0000000000015357      0x1e1 ./Core/Src/fsm_manual.o
 .debug_macro   0x0000000000015538      0x1c9 ./Core/Src/global.o
 .debug_macro   0x0000000000015701      0x1bb ./Core/Src/led_processing.o
 .debug_macro   0x00000000000158bc      0x1f7 ./Core/Src/main.o
 .debug_macro   0x0000000000015ab3      0x1cd ./Core/Src/software_timer.o
 .debug_macro   0x0000000000015c80      0x1a7 ./Core/Src/stm32f1xx_hal_msp.o
 .debug_macro   0x0000000000015e27      0x1b1 ./Core/Src/stm32f1xx_it.o
 .debug_macro   0x0000000000015fd8      0x198 ./Core/Src/system_stm32f1xx.o
 .debug_macro   0x0000000000016170      0x1bc ./Drivers/STM32F1xx_HAL_Driver/Src/stm32f1xx_hal.o
 .debug_macro   0x000000000001632c      0x198 ./Drivers/STM32F1xx_HAL_Driver/Src/stm32f1xx_hal_cortex.o
 .debug_macro   0x00000000000164c4      0x203 ./Drivers/STM32F1xx_HAL_Driver/Src/stm32f1xx_hal_gpio.o
 .debug_macro   0x00000000000166c7      0x1aa ./Drivers/STM32F1xx_HAL_Driver/Src/stm32f1xx_hal_rcc.o
 .debug_macro   0x0000000000016871      0x199 ./Drivers/STM32F1xx_HAL_Driver/Src/stm32f1xx_hal_tim.o
 .debug_macro   0x0000000000016a0a      0x198 ./Drivers/STM32F1xx_HAL_Driver/Src/stm32f1xx_hal_tim_ex.o

.debug_line     0x0000000000000000     0xb832
 .debug_line    0x0000000000000000      0x758 ./Core/Src/button.o
 .debug_line    0x0000000000000758      0xa4b ./Core/Src/fsm_manual.o
 .debug_line    0x00000000000011a3      0x661 ./Core/Src/global.o
 .debug_line    0x0000000000001804      0x6c9 ./Core/Src/led_processing.o
 .debug_line    0x0000000000001ecd      0x80c ./Core/Src/main.o
 .debug_line    0x00000000000026d9      0x750 ./Core/Src/software_timer.o
 .debug_line    0x0000000000002e29      0x695 ./Core/Src/stm32f1xx_hal_msp.o
 .debug_line    0x00000000000034be      0x733 ./Core/Src/stm32f1xx_it.o
 .debug_line    0x0000000000003bf1      0x6d7 ./Core/Src/system_stm32f1xx.o
 .debug_line    0x00000000000042c8       0x87 ./Core/Startup/startup_stm32f103c6ux.o
 .debug_line    0x000000000000434f      0x904 ./Drivers/STM32F1xx_HAL_Driver/Src/stm32f1xx_hal.o
 .debug_line    0x0000000000004c53      0xaec ./Drivers/STM32F1xx_HAL_Driver/Src/stm32f1xx_hal_cortex.o
 .debug_line    0x000000000000573f      0x985 ./Drivers/STM32F1xx_HAL_Driver/Src/stm32f1xx_hal_gpio.o
 .debug_line    0x00000000000060c4      0xd12 ./Drivers/STM32F1xx_HAL_Driver/Src/stm32f1xx_hal_rcc.o
 .debug_line    0x0000000000006dd6     0x3262 ./Drivers/STM32F1xx_HAL_Driver/Src/stm32f1xx_hal_tim.o
 .debug_line    0x000000000000a038     0x17fa ./Drivers/STM32F1xx_HAL_Driver/Src/stm32f1xx_hal_tim_ex.o

.debug_str      0x0000000000000000    0x81ffc
 .debug_str     0x0000000000000000    0x7f484 ./Core/Src/button.o
                                      0x7f7c1 (size before relaxing)
 .debug_str     0x000000000007f484      0x151 ./Core/Src/fsm_manual.o
                                      0x7f833 (size before relaxing)
 .debug_str     0x000000000007f5d5       0x15 ./Core/Src/global.o
                                      0x7f7dc (size before relaxing)
 .debug_str     0x000000000007f5ea       0x39 ./Core/Src/led_processing.o
                                      0x7f753 (size before relaxing)
 .debug_str     0x000000000007f623      0x711 ./Core/Src/main.o
                                      0x7ffef (size before relaxing)
 .debug_str     0x000000000007fd34       0x86 ./Core/Src/software_timer.o
                                      0x7f84d (size before relaxing)
 .debug_str     0x000000000007fdba      0x2ba ./Core/Src/stm32f1xx_hal_msp.o
                                      0x7fe7a (size before relaxing)
 .debug_str     0x0000000000080074       0xcd ./Core/Src/stm32f1xx_it.o
                                      0x7fbdc (size before relaxing)
 .debug_str     0x0000000000080141       0x52 ./Core/Src/system_stm32f1xx.o
                                      0x7f4ff (size before relaxing)
 .debug_str     0x0000000000080193       0x36 ./Core/Startup/startup_stm32f103c6ux.o
                                         0x6a (size before relaxing)
 .debug_str     0x00000000000801c9      0x304 ./Drivers/STM32F1xx_HAL_Driver/Src/stm32f1xx_hal.o
                                      0x7fb56 (size before relaxing)
 .debug_str     0x00000000000804cd      0x300 ./Drivers/STM32F1xx_HAL_Driver/Src/stm32f1xx_hal_cortex.o
                                      0x7fb5e (size before relaxing)
 .debug_str     0x00000000000807cd      0x324 ./Drivers/STM32F1xx_HAL_Driver/Src/stm32f1xx_hal_gpio.o
                                      0x7f8c3 (size before relaxing)
 .debug_str     0x0000000000080af1      0x24f ./Drivers/STM32F1xx_HAL_Driver/Src/stm32f1xx_hal_rcc.o
                                      0x7f8fc (size before relaxing)
 .debug_str     0x0000000000080d40      0xdce ./Drivers/STM32F1xx_HAL_Driver/Src/stm32f1xx_hal_tim.o
                                      0x808ce (size before relaxing)
 .debug_str     0x0000000000081b0e      0x4ee ./Drivers/STM32F1xx_HAL_Driver/Src/stm32f1xx_hal_tim_ex.o
                                      0x8007f (size before relaxing)

.comment        0x0000000000000000       0x53
 .comment       0x0000000000000000       0x53 ./Core/Src/button.o
                                         0x54 (size before relaxing)
 .comment       0x0000000000000053       0x54 ./Core/Src/fsm_manual.o
 .comment       0x0000000000000053       0x54 ./Core/Src/global.o
 .comment       0x0000000000000053       0x54 ./Core/Src/led_processing.o
 .comment       0x0000000000000053       0x54 ./Core/Src/main.o
 .comment       0x0000000000000053       0x54 ./Core/Src/software_timer.o
 .comment       0x0000000000000053       0x54 ./Core/Src/stm32f1xx_hal_msp.o
 .comment       0x0000000000000053       0x54 ./Core/Src/stm32f1xx_it.o
 .comment       0x0000000000000053       0x54 ./Core/Src/system_stm32f1xx.o
 .comment       0x0000000000000053       0x54 ./Drivers/STM32F1xx_HAL_Driver/Src/stm32f1xx_hal.o
 .comment       0x0000000000000053       0x54 ./Drivers/STM32F1xx_HAL_Driver/Src/stm32f1xx_hal_cortex.o
 .comment       0x0000000000000053       0x54 ./Drivers/STM32F1xx_HAL_Driver/Src/stm32f1xx_hal_gpio.o
 .comment       0x0000000000000053       0x54 ./Drivers/STM32F1xx_HAL_Driver/Src/stm32f1xx_hal_rcc.o
 .comment       0x0000000000000053       0x54 ./Drivers/STM32F1xx_HAL_Driver/Src/stm32f1xx_hal_tim.o
 .comment       0x0000000000000053       0x54 ./Drivers/STM32F1xx_HAL_Driver/Src/stm32f1xx_hal_tim_ex.o

.debug_frame    0x0000000000000000     0x2810
 .debug_frame   0x0000000000000000       0xd0 ./Core/Src/button.o
 .debug_frame   0x00000000000000d0       0x2c ./Core/Src/fsm_manual.o
 .debug_frame   0x00000000000000fc       0x50 ./Core/Src/led_processing.o
 .debug_frame   0x000000000000014c       0xd4 ./Core/Src/main.o
 .debug_frame   0x0000000000000220       0xf8 ./Core/Src/software_timer.o
 .debug_frame   0x0000000000000318       0x80 ./Core/Src/stm32f1xx_hal_msp.o
 .debug_frame   0x0000000000000398      0x120 ./Core/Src/stm32f1xx_it.o
 .debug_frame   0x00000000000004b8       0x58 ./Core/Src/system_stm32f1xx.o
 .debug_frame   0x0000000000000510      0x334 ./Drivers/STM32F1xx_HAL_Driver/Src/stm32f1xx_hal.o
 .debug_frame   0x0000000000000844      0x428 ./Drivers/STM32F1xx_HAL_Driver/Src/stm32f1xx_hal_cortex.o
 .debug_frame   0x0000000000000c6c      0x14c ./Drivers/STM32F1xx_HAL_Driver/Src/stm32f1xx_hal_gpio.o
 .debug_frame   0x0000000000000db8      0x21c ./Drivers/STM32F1xx_HAL_Driver/Src/stm32f1xx_hal_rcc.o
 .debug_frame   0x0000000000000fd4     0x11b8 ./Drivers/STM32F1xx_HAL_Driver/Src/stm32f1xx_hal_tim.o
 .debug_frame   0x000000000000218c      0x638 ./Drivers/STM32F1xx_HAL_Driver/Src/stm32f1xx_hal_tim_ex.o
 .debug_frame   0x00000000000027c4       0x2c d:/stm32cubeide_1.7.0/stm32cubeide/plugins/com.st.stm32cube.ide.mcu.externaltools.gnu-tools-for-stm32.9-2020-q2-update.win32_2.0.0.202105311346/tools/bin/../lib/gcc/arm-none-eabi/9.3.1/../../../../arm-none-eabi/lib/thumb/v7-m/nofp\libc_nano.a(lib_a-init.o)
 .debug_frame   0x00000000000027f0       0x20 d:/stm32cubeide_1.7.0/stm32cubeide/plugins/com.st.stm32cube.ide.mcu.externaltools.gnu-tools-for-stm32.9-2020-q2-update.win32_2.0.0.202105311346/tools/bin/../lib/gcc/arm-none-eabi/9.3.1/../../../../arm-none-eabi/lib/thumb/v7-m/nofp\libc_nano.a(lib_a-memset.o)
